作者：张佳玮
链接：https://www.zhihu.com/question/47660836/answer/2394185196
来源：知乎
著作权归作者所有。商业转载请联系作者获得授权，非商业转载请注明出处。

我们都知道这个故事：自述者是亨伯特，一个看似体面的中年人。他说在寡妇黑兹家里，巧遇黑兹的女儿多洛雷斯，一见钟情。于是他接受了黑兹的爱，跟她结了婚，成了多洛雷斯的名义上的父亲，私下呼她“洛丽塔”。他说黑兹知道了自己的扭曲欲望后，意外车祸去世。他以父亲的身份，控制了多洛雷斯。多洛雷斯后来逃走了——当然那是又一段故事了。许多没深读这个小说的读者，会以为纳博科夫真的在描写一段幼女爱情什么的。但纳博科夫并不是这么简单的一个小说家。熟悉纳博科夫的都知道，他出了名的喜欢反讽。他的短篇小说常见剧情：让孩子终于找到妈却发现没法团聚只好继续流浪。存心自杀的人恰好错过可以拯救他的一段相逢于是死掉。宅男在后宫梦即将成真的午夜因为动了真情而破灭。一辈子没旅游过的蝴蝶爱好者在终于可以动身的时刻死掉……纳博科夫讨厌矫情。他笔下那些看似真诚的花言巧语者，往往会不那么简单。他说过，《洛丽塔》的最初灵感，是他听的一个段子：某个动物园黑猩猩被训练画画，结果画出来的世界，全是栏杆。——主观视角、一面之词，多么能骗人。所以，《洛丽塔》里，纳博科夫用第一人称，让亨伯特用华丽的口吻，把自己的爱情描述得深情又感人。生命之光，欲念之火。似乎很真诚。但读者要合上书，回头想想，才意识得到：整本书都是亨伯特一面之词。亨伯特嘴里说得花里胡哨，然而对多洛雷斯的所作所为，那是何等无耻。——别相信犯罪者的一面之词。评论家诺米·塔米尔·赫兹的说法：“亨伯特在小说里只管描述自己的感受，从来没真正让洛丽塔真正出过声。”《纽约时报》的珍妮威说得更尖锐：“亨伯特如此渴望自己的洛丽塔，然而从没真把洛丽塔当做人。”莱昂内尔·特里林更提醒我们：“我们会在小说阅读过程中，不自觉地宽恕了这种违法行为，这才让人震惊。”《洛丽塔》里，当多洛雷斯被亨伯特控制着，开始所谓旅行时，第一部结束。第一部最后一句话，揭示了多洛雷斯被亨伯特控制的真正原因，那才是亨伯特这个流氓的真心话：“You see, she had absolutely nowhere else to go.”——你看，她是绝对没有其他任何所在可去了。这才是纳博科夫写《洛丽塔》的重点：那根本不是个看似真诚的迷恋幼女故事，而是一整套华丽的、死无对证的、读者无法确认有多少真伪的谎言。作为控制狂的亨伯特，从来没有真正把养女当成一个平等对象来尊重。只是狡猾又无耻地控制，得遂自己的欲望。只有在面对假想的读者时，才会一面之词，重申自己真诚的爱。不管亨伯特怎么花言巧语，看似怎么真诚多么有魅力多么让人会忘记他的罪行，行为上他都是个混蛋。而他写的那些对洛丽塔天花乱坠的真诚迷恋的一面之词，全都是黑猩猩画的栏杆。